  Determining projects to restore...
  All projects are up-to-date for restore.
  ERPBackend.Core -> D:\SHAKIL\hrhub\backend\ERPBackend.Core\bin\Debug\net10.0\ERPBackend.Core.dll
  ERPBackend.Infrastructure -> D:\SHAKIL\hrhub\backend\ERPBackend.Infrastructure\bin\Debug\net10.0\ERPBackend.Infrastructure.dll
  ERPBackend.Services -> D:\SHAKIL\hrhub\backend\ERPBackend.Services\bin\Debug\net10.0\ERPBackend.Services.dll
D:\SHAKIL\hrhub\backend\ERPBackend.API\Program.cs(27,34): error CS0246: The type or namespace name 'OpenApiInfo' could not be found (are you missing a using directive or an assembly reference?) [D:\SHAKIL\hrhub\backend\ERPBackend.API\ERPBackend.API.csproj]

Build FAILED.

D:\SHAKIL\hrhub\backend\ERPBackend.API\Program.cs(27,34): error CS0246: The type or namespace name 'OpenApiInfo' could not be found (are you missing a using directive or an assembly reference?) [D:\SHAKIL\hrhub\backend\ERPBackend.API\ERPBackend.API.csproj]
    0 Warning(s)
    1 Error(s)

Time Elapsed 00:00:01.14
