  Determining projects to restore...
  All projects are up-to-date for restore.
  ERPBackend.Core -> D:\SHAKIL\hrhub\backend\ERPBackend.Core\bin\Debug\net10.0\ERPBackend.Core.dll
D:\SHAKIL\hrhub\backend\ERPBackend.Services\Services\DataAnalysisService.cs(1,17): error CS0234: The type or namespace name 'EntityFrameworkCore' does not exist in the namespace 'Microsoft' (are you missing an assembly reference?) [D:\SHAKIL\hrhub\backend\ERPBackend.Services\ERPBackend.Services.csproj]
D:\SHAKIL\hrhub\backend\ERPBackend.Services\Services\DataAnalysisService.cs(4,18): error CS0234: The type or namespace name 'Infrastructure' does not exist in the namespace 'ERPBackend' (are you missing an assembly reference?) [D:\SHAKIL\hrhub\backend\ERPBackend.Services\ERPBackend.Services.csproj]
D:\SHAKIL\hrhub\backend\ERPBackend.Services\Services\DataAnalysisService.cs(10,22): error CS0246: The type or namespace name 'ApplicationDbContext' could not be found (are you missing a using directive or an assembly reference?) [D:\SHAKIL\hrhub\backend\ERPBackend.Services\ERPBackend.Services.csproj]
D:\SHAKIL\hrhub\backend\ERPBackend.Services\Services\DataAnalysisService.cs(13,32): error CS0246: The type or namespace name 'ApplicationDbContext' could not be found (are you missing a using directive or an assembly reference?) [D:\SHAKIL\hrhub\backend\ERPBackend.Services\ERPBackend.Services.csproj]

Build FAILED.

D:\SHAKIL\hrhub\backend\ERPBackend.Services\Services\DataAnalysisService.cs(1,17): error CS0234: The type or namespace name 'EntityFrameworkCore' does not exist in the namespace 'Microsoft' (are you missing an assembly reference?) [D:\SHAKIL\hrhub\backend\ERPBackend.Services\ERPBackend.Services.csproj]
D:\SHAKIL\hrhub\backend\ERPBackend.Services\Services\DataAnalysisService.cs(4,18): error CS0234: The type or namespace name 'Infrastructure' does not exist in the namespace 'ERPBackend' (are you missing an assembly reference?) [D:\SHAKIL\hrhub\backend\ERPBackend.Services\ERPBackend.Services.csproj]
D:\SHAKIL\hrhub\backend\ERPBackend.Services\Services\DataAnalysisService.cs(10,22): error CS0246: The type or namespace name 'ApplicationDbContext' could not be found (are you missing a using directive or an assembly reference?) [D:\SHAKIL\hrhub\backend\ERPBackend.Services\ERPBackend.Services.csproj]
D:\SHAKIL\hrhub\backend\ERPBackend.Services\Services\DataAnalysisService.cs(13,32): error CS0246: The type or namespace name 'ApplicationDbContext' could not be found (are you missing a using directive or an assembly reference?) [D:\SHAKIL\hrhub\backend\ERPBackend.Services\ERPBackend.Services.csproj]
    0 Warning(s)
    4 Error(s)

Time Elapsed 00:00:00.95
